
> web-programlama-final-proje-backend@1.0.0 test
> jest --coverage --forceExit --detectOpenHandles

  console.log
    Ô£à Test database connected

      at Object.log (src/tests/setup.js:26:13)

  console.log
    Ô£à Database schema ready

      at Object.log (src/tests/setup.js:32:15)

  console.error
    Error: Error: Email exists
        at Object.<anonymous> (C:\Users\irem\Desktop\web-programlama-final-proje-backend\src\tests\unit\authRoutes.test.js:68:46)
        at Promise.then.completed (C:\Users\irem\Desktop\web-programlama-final-proje-backend\node_modules\jest-circus\build\utils.js:298:28)
        at new Promise (<anonymous>)
        at callAsyncCircusFn (C:\Users\irem\Desktop\web-programlama-final-proje-backend\node_modules\jest-circus\build\utils.js:231:10)
        at _callCircusTest (C:\Users\irem\Desktop\web-programlama-final-proje-backend\node_modules\jest-circus\build\run.js:316:40)
        at processTicksAndRejections (node:internal/process/task_queues:105:5)
        at _runTest (C:\Users\irem\Desktop\web-programlama-final-proje-backend\node_modules\jest-circus\build\run.js:252:3)
        at _runTestsForDescribeBlock (C:\Users\irem\Desktop\web-programlama-final-proje-backend\node_modules\jest-circus\build\run.js:126:9)
        at _runTestsForDescribeBlock (C:\Users\irem\Desktop\web-programlama-final-proje-backend\node_modules\jest-circus\build\run.js:121:9)
        at _runTestsForDescribeBlock (C:\Users\irem\Desktop\web-programlama-final-proje-backend\node_modules\jest-circus\build\run.js:121:9)
        at run (C:\Users\irem\Desktop\web-programlama-final-proje-backend\node_modules\jest-circus\build\run.js:71:3)
        at runAndTransformResultsToJestFormat (C:\Users\irem\Desktop\web-programlama-final-proje-backend\node_modules\jest-circus\build\legacy-code-todo-rewrite\jestAdapterInit.js:122:21)
        at jestAdapter (C:\Users\irem\Desktop\web-programlama-final-proje-backend\node_modules\jest-circus\build\legacy-code-todo-rewrite\jestAdapter.js:79:19)
        at runTestInternal (C:\Users\irem\Desktop\web-programlama-final-proje-backend\node_modules\jest-runner\build\runTest.js:367:16)
        at runTest (C:\Users\irem\Desktop\web-programlama-final-proje-backend\node_modules\jest-runner\build\runTest.js:444:34)

    [0m [90m 4 |[39m
     [90m 5 |[39m   [90m// Log error[39m
    [31m[1m>[22m[39m[90m 6 |[39m   console[33m.[39merror([32m'Error:'[39m[33m,[39m err)[33m;[39m
     [90m   |[39m           [31m[1m^[22m[39m
     [90m 7 |[39m
     [90m 8 |[39m   [90m// Sequelize validation error[39m
     [90m 9 |[39m   [36mif[39m (err[33m.[39mname [33m===[39m [32m'SequelizeValidationError'[39m) {[0m

      at error (src/middleware/errorHandler.js:6:11)
      at Layer.handle_error (node_modules/express/lib/router/layer.js:71:5)
      at trim_prefix (node_modules/express/lib/router/index.js:326:13)
      at node_modules/express/lib/router/index.js:286:9
      at Function.process_params (node_modules/express/lib/router/index.js:346:12)
      at next (node_modules/express/lib/router/index.js:280:10)
      at node_modules/express/lib/router/index.js:646:15
      at next (node_modules/express/lib/router/index.js:265:14)
      at node_modules/express/lib/router/index.js:646:15
      at next (node_modules/express/lib/router/index.js:265:14)
      at next (node_modules/express/lib/router/route.js:141:14)
      at next (src/routes/authRoutes.js:51:5)

  console.error
    Error: Error: Invalid token
        at Object.<anonymous> (C:\Users\irem\Desktop\web-programlama-final-proje-backend\src\tests\unit\authRoutes.test.js:108:49)
        at Promise.then.completed (C:\Users\irem\Desktop\web-programlama-final-proje-backend\node_modules\jest-circus\build\utils.js:298:28)
        at new Promise (<anonymous>)
        at callAsyncCircusFn (C:\Users\irem\Desktop\web-programlama-final-proje-backend\node_modules\jest-circus\build\utils.js:231:10)
        at _callCircusTest (C:\Users\irem\Desktop\web-programlama-final-proje-backend\node_modules\jest-circus\build\run.js:316:40)
        at processTicksAndRejections (node:internal/process/task_queues:105:5)
        at _runTest (C:\Users\irem\Desktop\web-programlama-final-proje-backend\node_modules\jest-circus\build\run.js:252:3)
        at _runTestsForDescribeBlock (C:\Users\irem\Desktop\web-programlama-final-proje-backend\node_modules\jest-circus\build\run.js:126:9)
        at _runTestsForDescribeBlock (C:\Users\irem\Desktop\web-programlama-final-proje-backend\node_modules\jest-circus\build\run.js:121:9)
        at _runTestsForDescribeBlock (C:\Users\irem\Desktop\web-programlama-final-proje-backend\node_modules\jest-circus\build\run.js:121:9)
        at run (C:\Users\irem\Desktop\web-programlama-final-proje-backend\node_modules\jest-circus\build\run.js:71:3)
        at runAndTransformResultsToJestFormat (C:\Users\irem\Desktop\web-programlama-final-proje-backend\node_modules\jest-circus\build\legacy-code-todo-rewrite\jestAdapterInit.js:122:21)
        at jestAdapter (C:\Users\irem\Desktop\web-programlama-final-proje-backend\node_modules\jest-circus\build\legacy-code-todo-rewrite\jestAdapter.js:79:19)
        at runTestInternal (C:\Users\irem\Desktop\web-programlama-final-proje-backend\node_modules\jest-runner\build\runTest.js:367:16)
        at runTest (C:\Users\irem\Desktop\web-programlama-final-proje-backend\node_modules\jest-runner\build\runTest.js:444:34)

    [0m [90m 4 |[39m
     [90m 5 |[39m   [90m// Log error[39m
    [31m[1m>[22m[39m[90m 6 |[39m   console[33m.[39merror([32m'Error:'[39m[33m,[39m err)[33m;[39m
     [90m   |[39m           [31m[1m^[22m[39m
     [90m 7 |[39m
     [90m 8 |[39m   [90m// Sequelize validation error[39m
     [90m 9 |[39m   [36mif[39m (err[33m.[39mname [33m===[39m [32m'SequelizeValidationError'[39m) {[0m

      at error (src/middleware/errorHandler.js:6:11)
      at Layer.handle_error (node_modules/express/lib/router/layer.js:71:5)
      at trim_prefix (node_modules/express/lib/router/index.js:326:13)
      at node_modules/express/lib/router/index.js:286:9
      at Function.process_params (node_modules/express/lib/router/index.js:346:12)
      at next (node_modules/express/lib/router/index.js:280:10)
      at node_modules/express/lib/router/index.js:646:15
      at next (node_modules/express/lib/router/index.js:265:14)
      at node_modules/express/lib/router/index.js:646:15
      at next (node_modules/express/lib/router/index.js:265:14)
      at next (node_modules/express/lib/router/route.js:141:14)
      at next (src/routes/authRoutes.js:75:5)

  console.error
    Error: Error: Invalid credentials
        at Object.<anonymous> (C:\Users\irem\Desktop\web-programlama-final-proje-backend\src\tests\unit\authRoutes.test.js:164:43)
        at Promise.then.completed (C:\Users\irem\Desktop\web-programlama-final-proje-backend\node_modules\jest-circus\build\utils.js:298:28)
        at new Promise (<anonymous>)
        at callAsyncCircusFn (C:\Users\irem\Desktop\web-programlama-final-proje-backend\node_modules\jest-circus\build\utils.js:231:10)
        at _callCircusTest (C:\Users\irem\Desktop\web-programlama-final-proje-backend\node_modules\jest-circus\build\run.js:316:40)
        at processTicksAndRejections (node:internal/process/task_queues:105:5)
        at _runTest (C:\Users\irem\Desktop\web-programlama-final-proje-backend\node_modules\jest-circus\build\run.js:252:3)
        at _runTestsForDescribeBlock (C:\Users\irem\Desktop\web-programlama-final-proje-backend\node_modules\jest-circus\build\run.js:126:9)
        at _runTestsForDescribeBlock (C:\Users\irem\Desktop\web-programlama-final-proje-backend\node_modules\jest-circus\build\run.js:121:9)
        at _runTestsForDescribeBlock (C:\Users\irem\Desktop\web-programlama-final-proje-backend\node_modules\jest-circus\build\run.js:121:9)
        at run (C:\Users\irem\Desktop\web-programlama-final-proje-backend\node_modules\jest-circus\build\run.js:71:3)
        at runAndTransformResultsToJestFormat (C:\Users\irem\Desktop\web-programlama-final-proje-backend\node_modules\jest-circus\build\legacy-code-todo-rewrite\jestAdapterInit.js:122:21)
        at jestAdapter (C:\Users\irem\Desktop\web-programlama-final-proje-backend\node_modules\jest-circus\build\legacy-code-todo-rewrite\jestAdapter.js:79:19)
        at runTestInternal (C:\Users\irem\Desktop\web-programlama-final-proje-backend\node_modules\jest-runner\build\runTest.js:367:16)
        at runTest (C:\Users\irem\Desktop\web-programlama-final-proje-backend\node_modules\jest-runner\build\runTest.js:444:34)

    [0m [90m 4 |[39m
     [90m 5 |[39m   [90m// Log error[39m
    [31m[1m>[22m[39m[90m 6 |[39m   console[33m.[39merror([32m'Error:'[39m[33m,[39m err)[33m;[39m
     [90m   |[39m           [31m[1m^[22m[39m
     [90m 7 |[39m
     [90m 8 |[39m   [90m// Sequelize validation error[39m
     [90m 9 |[39m   [36mif[39m (err[33m.[39mname [33m===[39m [32m'SequelizeValidationError'[39m) {[0m

      at error (src/middleware/errorHandler.js:6:11)
      at Layer.handle_error (node_modules/express/lib/router/layer.js:71:5)
      at trim_prefix (node_modules/express/lib/router/index.js:326:13)
      at node_modules/express/lib/router/index.js:286:9
      at Function.process_params (node_modules/express/lib/router/index.js:346:12)
      at next (node_modules/express/lib/router/index.js:280:10)
      at node_modules/express/lib/router/index.js:646:15
      at next (node_modules/express/lib/router/index.js:265:14)
      at node_modules/express/lib/router/index.js:646:15
      at next (node_modules/express/lib/router/index.js:265:14)
      at next (node_modules/express/lib/router/route.js:141:14)
      at next (src/routes/authRoutes.js:92:5)

  console.error
    Error: Error: Invalid token
        at Object.<anonymous> (C:\Users\irem\Desktop\web-programlama-final-proje-backend\src\tests\unit\authRoutes.test.js:202:50)
        at Promise.then.completed (C:\Users\irem\Desktop\web-programlama-final-proje-backend\node_modules\jest-circus\build\utils.js:298:28)
        at new Promise (<anonymous>)
        at callAsyncCircusFn (C:\Users\irem\Desktop\web-programlama-final-proje-backend\node_modules\jest-circus\build\utils.js:231:10)
        at _callCircusTest (C:\Users\irem\Desktop\web-programlama-final-proje-backend\node_modules\jest-circus\build\run.js:316:40)
        at processTicksAndRejections (node:internal/process/task_queues:105:5)
        at _runTest (C:\Users\irem\Desktop\web-programlama-final-proje-backend\node_modules\jest-circus\build\run.js:252:3)
        at _runTestsForDescribeBlock (C:\Users\irem\Desktop\web-programlama-final-proje-backend\node_modules\jest-circus\build\run.js:126:9)
        at _runTestsForDescribeBlock (C:\Users\irem\Desktop\web-programlama-final-proje-backend\node_modules\jest-circus\build\run.js:121:9)
        at _runTestsForDescribeBlock (C:\Users\irem\Desktop\web-programlama-final-proje-backend\node_modules\jest-circus\build\run.js:121:9)
        at run (C:\Users\irem\Desktop\web-programlama-final-proje-backend\node_modules\jest-circus\build\run.js:71:3)
        at runAndTransformResultsToJestFormat (C:\Users\irem\Desktop\web-programlama-final-proje-backend\node_modules\jest-circus\build\legacy-code-todo-rewrite\jestAdapterInit.js:122:21)
        at jestAdapter (C:\Users\irem\Desktop\web-programlama-final-proje-backend\node_modules\jest-circus\build\legacy-code-todo-rewrite\jestAdapter.js:79:19)
        at runTestInternal (C:\Users\irem\Desktop\web-programlama-final-proje-backend\node_modules\jest-runner\build\runTest.js:367:16)
        at runTest (C:\Users\irem\Desktop\web-programlama-final-proje-backend\node_modules\jest-runner\build\runTest.js:444:34)

    [0m [90m 4 |[39m
     [90m 5 |[39m   [90m// Log error[39m
    [31m[1m>[22m[39m[90m 6 |[39m   console[33m.[39merror([32m'Error:'[39m[33m,[39m err)[33m;[39m
     [90m   |[39m           [31m[1m^[22m[39m
     [90m 7 |[39m
     [90m 8 |[39m   [90m// Sequelize validation error[39m
     [90m 9 |[39m   [36mif[39m (err[33m.[39mname [33m===[39m [32m'SequelizeValidationError'[39m) {[0m

      at error (src/middleware/errorHandler.js:6:11)
      at Layer.handle_error (node_modules/express/lib/router/layer.js:71:5)
      at trim_prefix (node_modules/express/lib/router/index.js:326:13)
      at node_modules/express/lib/router/index.js:286:9
      at Function.process_params (node_modules/express/lib/router/index.js:346:12)
      at next (node_modules/express/lib/router/index.js:280:10)
      at node_modules/express/lib/router/index.js:646:15
      at next (node_modules/express/lib/router/index.js:265:14)
      at node_modules/express/lib/router/index.js:646:15
      at next (node_modules/express/lib/router/index.js:265:14)
      at next (node_modules/express/lib/router/route.js:141:14)
      at next (src/routes/authRoutes.js:115:5)

  console.error
    Error: Error: Logout failed
        at Object.<anonymous> (C:\Users\irem\Desktop\web-programlama-final-proje-backend\src\tests\unit\authRoutes.test.js:226:44)
        at Promise.then.completed (C:\Users\irem\Desktop\web-programlama-final-proje-backend\node_modules\jest-circus\build\utils.js:298:28)
        at new Promise (<anonymous>)
        at callAsyncCircusFn (C:\Users\irem\Desktop\web-programlama-final-proje-backend\node_modules\jest-circus\build\utils.js:231:10)
        at _callCircusTest (C:\Users\irem\Desktop\web-programlama-final-proje-backend\node_modules\jest-circus\build\run.js:316:40)
        at processTicksAndRejections (node:internal/process/task_queues:105:5)
        at _runTest (C:\Users\irem\Desktop\web-programlama-final-proje-backend\node_modules\jest-circus\build\run.js:252:3)
        at _runTestsForDescribeBlock (C:\Users\irem\Desktop\web-programlama-final-proje-backend\node_modules\jest-circus\build\run.js:126:9)
        at _runTestsForDescribeBlock (C:\Users\irem\Desktop\web-programlama-final-proje-backend\node_modules\jest-circus\build\run.js:121:9)
        at _runTestsForDescribeBlock (C:\Users\irem\Desktop\web-programlama-final-proje-backend\node_modules\jest-circus\build\run.js:121:9)
        at run (C:\Users\irem\Desktop\web-programlama-final-proje-backend\node_modules\jest-circus\build\run.js:71:3)
        at runAndTransformResultsToJestFormat (C:\Users\irem\Desktop\web-programlama-final-proje-backend\node_modules\jest-circus\build\legacy-code-todo-rewrite\jestAdapterInit.js:122:21)
        at jestAdapter (C:\Users\irem\Desktop\web-programlama-final-proje-backend\node_modules\jest-circus\build\legacy-code-todo-rewrite\jestAdapter.js:79:19)
        at runTestInternal (C:\Users\irem\Desktop\web-programlama-final-proje-backend\node_modules\jest-runner\build\runTest.js:367:16)
        at runTest (C:\Users\irem\Desktop\web-programlama-final-proje-backend\node_modules\jest-runner\build\runTest.js:444:34)

    [0m [90m 4 |[39m
     [90m 5 |[39m   [90m// Log error[39m
    [31m[1m>[22m[39m[90m 6 |[39m   console[33m.[39merror([32m'Error:'[39m[33m,[39m err)[33m;[39m
     [90m   |[39m           [31m[1m^[22m[39m
     [90m 7 |[39m
     [90m 8 |[39m   [90m// Sequelize validation error[39m
     [90m 9 |[39m   [36mif[39m (err[33m.[39mname [33m===[39m [32m'SequelizeValidationError'[39m) {[0m

      at error (src/middleware/errorHandler.js:6:11)
      at Layer.handle_error (node_modules/express/lib/router/layer.js:71:5)
      at trim_prefix (node_modules/express/lib/router/index.js:326:13)
      at node_modules/express/lib/router/index.js:286:9
      at Function.process_params (node_modules/express/lib/router/index.js:346:12)
      at next (node_modules/express/lib/router/index.js:280:10)
      at node_modules/express/lib/router/index.js:646:15
      at next (node_modules/express/lib/router/index.js:265:14)
      at node_modules/express/lib/router/index.js:646:15
      at next (node_modules/express/lib/router/index.js:265:14)
      at next (node_modules/express/lib/router/route.js:141:14)
      at next (src/routes/authRoutes.js:130:5)

  console.error
    Error: Error: Service error
        at Object.<anonymous> (C:\Users\irem\Desktop\web-programlama-final-proje-backend\src\tests\unit\authRoutes.test.js:261:52)
        at Promise.then.completed (C:\Users\irem\Desktop\web-programlama-final-proje-backend\node_modules\jest-circus\build\utils.js:298:28)
        at new Promise (<anonymous>)
        at callAsyncCircusFn (C:\Users\irem\Desktop\web-programlama-final-proje-backend\node_modules\jest-circus\build\utils.js:231:10)
        at _callCircusTest (C:\Users\irem\Desktop\web-programlama-final-proje-backend\node_modules\jest-circus\build\run.js:316:40)
        at processTicksAndRejections (node:internal/process/task_queues:105:5)
        at _runTest (C:\Users\irem\Desktop\web-programlama-final-proje-backend\node_modules\jest-circus\build\run.js:252:3)
        at _runTestsForDescribeBlock (C:\Users\irem\Desktop\web-programlama-final-proje-backend\node_modules\jest-circus\build\run.js:126:9)
        at _runTestsForDescribeBlock (C:\Users\irem\Desktop\web-programlama-final-proje-backend\node_modules\jest-circus\build\run.js:121:9)
        at _runTestsForDescribeBlock (C:\Users\irem\Desktop\web-programlama-final-proje-backend\node_modules\jest-circus\build\run.js:121:9)
        at run (C:\Users\irem\Desktop\web-programlama-final-proje-backend\node_modules\jest-circus\build\run.js:71:3)
        at runAndTransformResultsToJestFormat (C:\Users\irem\Desktop\web-programlama-final-proje-backend\node_modules\jest-circus\build\legacy-code-todo-rewrite\jestAdapterInit.js:122:21)
        at jestAdapter (C:\Users\irem\Desktop\web-programlama-final-proje-backend\node_modules\jest-circus\build\legacy-code-todo-rewrite\jestAdapter.js:79:19)
        at runTestInternal (C:\Users\irem\Desktop\web-programlama-final-proje-backend\node_modules\jest-runner\build\runTest.js:367:16)
        at runTest (C:\Users\irem\Desktop\web-programlama-final-proje-backend\node_modules\jest-runner\build\runTest.js:444:34)

    [0m [90m 4 |[39m
     [90m 5 |[39m   [90m// Log error[39m
    [31m[1m>[22m[39m[90m 6 |[39m   console[33m.[39merror([32m'Error:'[39m[33m,[39m err)[33m;[39m
     [90m   |[39m           [31m[1m^[22m[39m
     [90m 7 |[39m
     [90m 8 |[39m   [90m// Sequelize validation error[39m
     [90m 9 |[39m   [36mif[39m (err[33m.[39mname [33m===[39m [32m'SequelizeValidationError'[39m) {[0m

      at error (src/middleware/errorHandler.js:6:11)
      at Layer.handle_error (node_modules/express/lib/router/layer.js:71:5)
      at trim_prefix (node_modules/express/lib/router/index.js:326:13)
      at node_modules/express/lib/router/index.js:286:9
      at Function.process_params (node_modules/express/lib/router/index.js:346:12)
      at next (node_modules/express/lib/router/index.js:280:10)
      at node_modules/express/lib/router/index.js:646:15
      at next (node_modules/express/lib/router/index.js:265:14)
      at node_modules/express/lib/router/index.js:646:15
      at next (node_modules/express/lib/router/index.js:265:14)
      at next (node_modules/express/lib/router/route.js:141:14)
      at next (src/routes/authRoutes.js:146:5)

  console.error
    Error: Error: Invalid token
        at Object.<anonymous> (C:\Users\irem\Desktop\web-programlama-final-proje-backend\src\tests\unit\authRoutes.test.js:314:51)
        at Promise.then.completed (C:\Users\irem\Desktop\web-programlama-final-proje-backend\node_modules\jest-circus\build\utils.js:298:28)
        at new Promise (<anonymous>)
        at callAsyncCircusFn (C:\Users\irem\Desktop\web-programlama-final-proje-backend\node_modules\jest-circus\build\utils.js:231:10)
        at _callCircusTest (C:\Users\irem\Desktop\web-programlama-final-proje-backend\node_modules\jest-circus\build\run.js:316:40)
        at processTicksAndRejections (node:internal/process/task_queues:105:5)
        at _runTest (C:\Users\irem\Desktop\web-programlama-final-proje-backend\node_modules\jest-circus\build\run.js:252:3)
        at _runTestsForDescribeBlock (C:\Users\irem\Desktop\web-programlama-final-proje-backend\node_modules\jest-circus\build\run.js:126:9)
        at _runTestsForDescribeBlock (C:\Users\irem\Desktop\web-programlama-final-proje-backend\node_modules\jest-circus\build\run.js:121:9)
        at _runTestsForDescribeBlock (C:\Users\irem\Desktop\web-programlama-final-proje-backend\node_modules\jest-circus\build\run.js:121:9)
        at run (C:\Users\irem\Desktop\web-programlama-final-proje-backend\node_modules\jest-circus\build\run.js:71:3)
        at runAndTransformResultsToJestFormat (C:\Users\irem\Desktop\web-programlama-final-proje-backend\node_modules\jest-circus\build\legacy-code-todo-rewrite\jestAdapterInit.js:122:21)
        at jestAdapter (C:\Users\irem\Desktop\web-programlama-final-proje-backend\node_modules\jest-circus\build\legacy-code-todo-rewrite\jestAdapter.js:79:19)
        at runTestInternal (C:\Users\irem\Desktop\web-programlama-final-proje-backend\node_modules\jest-runner\build\runTest.js:367:16)
        at runTest (C:\Users\irem\Desktop\web-programlama-final-proje-backend\node_modules\jest-runner\build\runTest.js:444:34)

    [0m [90m 4 |[39m
     [90m 5 |[39m   [90m// Log error[39m
    [31m[1m>[22m[39m[90m 6 |[39m   console[33m.[39merror([32m'Error:'[39m[33m,[39m err)[33m;[39m
     [90m   |[39m           [31m[1m^[22m[39m
     [90m 7 |[39m
     [90m 8 |[39m   [90m// Sequelize validation error[39m
     [90m 9 |[39m   [36mif[39m (err[33m.[39mname [33m===[39m [32m'SequelizeValidationError'[39m) {[0m

      at error (src/middleware/errorHandler.js:6:11)
      at Layer.handle_error (node_modules/express/lib/router/layer.js:71:5)
      at trim_prefix (node_modules/express/lib/router/index.js:326:13)
      at node_modules/express/lib/router/index.js:286:9
      at Function.process_params (node_modules/express/lib/router/index.js:346:12)
      at next (node_modules/express/lib/router/index.js:280:10)
      at node_modules/express/lib/router/index.js:646:15
      at next (node_modules/express/lib/router/index.js:265:14)
      at node_modules/express/lib/router/index.js:646:15
      at next (node_modules/express/lib/router/index.js:265:14)
      at next (node_modules/express/lib/router/route.js:141:14)
      at next (src/routes/authRoutes.js:162:5)

  console.error
    Error: Error: User not found
        at Object.<anonymous> (C:\Users\irem\Desktop\web-programlama-final-proje-backend\src\tests\unit\authRoutes.test.js:342:48)
        at Promise.then.completed (C:\Users\irem\Desktop\web-programlama-final-proje-backend\node_modules\jest-circus\build\utils.js:298:28)
        at new Promise (<anonymous>)
        at callAsyncCircusFn (C:\Users\irem\Desktop\web-programlama-final-proje-backend\node_modules\jest-circus\build\utils.js:231:10)
        at _callCircusTest (C:\Users\irem\Desktop\web-programlama-final-proje-backend\node_modules\jest-circus\build\run.js:316:40)
        at processTicksAndRejections (node:internal/process/task_queues:105:5)
        at _runTest (C:\Users\irem\Desktop\web-programlama-final-proje-backend\node_modules\jest-circus\build\run.js:252:3)
        at _runTestsForDescribeBlock (C:\Users\irem\Desktop\web-programlama-final-proje-backend\node_modules\jest-circus\build\run.js:126:9)
        at _runTestsForDescribeBlock (C:\Users\irem\Desktop\web-programlama-final-proje-backend\node_modules\jest-circus\build\run.js:121:9)
        at _runTestsForDescribeBlock (C:\Users\irem\Desktop\web-programlama-final-proje-backend\node_modules\jest-circus\build\run.js:121:9)
        at run (C:\Users\irem\Desktop\web-programlama-final-proje-backend\node_modules\jest-circus\build\run.js:71:3)
        at runAndTransformResultsToJestFormat (C:\Users\irem\Desktop\web-programlama-final-proje-backend\node_modules\jest-circus\build\legacy-code-todo-rewrite\jestAdapterInit.js:122:21)
        at jestAdapter (C:\Users\irem\Desktop\web-programlama-final-proje-backend\node_modules\jest-circus\build\legacy-code-todo-rewrite\jestAdapter.js:79:19)
        at runTestInternal (C:\Users\irem\Desktop\web-programlama-final-proje-backend\node_modules\jest-runner\build\runTest.js:367:16)
        at runTest (C:\Users\irem\Desktop\web-programlama-final-proje-backend\node_modules\jest-runner\build\runTest.js:444:34)

    [0m [90m 4 |[39m
     [90m 5 |[39m   [90m// Log error[39m
    [31m[1m>[22m[39m[90m 6 |[39m   console[33m.[39merror([32m'Error:'[39m[33m,[39m err)[33m;[39m
     [90m   |[39m           [31m[1m^[22m[39m
     [90m 7 |[39m
     [90m 8 |[39m   [90m// Sequelize validation error[39m
     [90m 9 |[39m   [36mif[39m (err[33m.[39mname [33m===[39m [32m'SequelizeValidationError'[39m) {[0m

      at error (src/middleware/errorHandler.js:6:11)
      at Layer.handle_error (node_modules/express/lib/router/layer.js:71:5)
      at trim_prefix (node_modules/express/lib/router/index.js:326:13)
      at node_modules/express/lib/router/index.js:286:9
      at Function.process_params (node_modules/express/lib/router/index.js:346:12)
      at next (node_modules/express/lib/router/index.js:280:10)
      at node_modules/express/lib/router/index.js:646:15
      at next (node_modules/express/lib/router/index.js:265:14)
      at node_modules/express/lib/router/index.js:646:15
      at next (node_modules/express/lib/router/index.js:265:14)
      at next (node_modules/express/lib/router/route.js:141:14)
      at next (src/routes/authRoutes.js:177:5)

  console.error
    Error: Error: Update failed
        at Object.<anonymous> (C:\Users\irem\Desktop\web-programlama-final-proje-backend\src\tests\unit\authRoutes.test.js:376:51)
        at Promise.then.completed (C:\Users\irem\Desktop\web-programlama-final-proje-backend\node_modules\jest-circus\build\utils.js:298:28)
        at new Promise (<anonymous>)
        at callAsyncCircusFn (C:\Users\irem\Desktop\web-programlama-final-proje-backend\node_modules\jest-circus\build\utils.js:231:10)
        at _callCircusTest (C:\Users\irem\Desktop\web-programlama-final-proje-backend\node_modules\jest-circus\build\run.js:316:40)
        at processTicksAndRejections (node:internal/process/task_queues:105:5)
        at _runTest (C:\Users\irem\Desktop\web-programlama-final-proje-backend\node_modules\jest-circus\build\run.js:252:3)
        at _runTestsForDescribeBlock (C:\Users\irem\Desktop\web-programlama-final-proje-backend\node_modules\jest-circus\build\run.js:126:9)
        at _runTestsForDescribeBlock (C:\Users\irem\Desktop\web-programlama-final-proje-backend\node_modules\jest-circus\build\run.js:121:9)
        at _runTestsForDescribeBlock (C:\Users\irem\Desktop\web-programlama-final-proje-backend\node_modules\jest-circus\build\run.js:121:9)
        at run (C:\Users\irem\Desktop\web-programlama-final-proje-backend\node_modules\jest-circus\build\run.js:71:3)
        at runAndTransformResultsToJestFormat (C:\Users\irem\Desktop\web-programlama-final-proje-backend\node_modules\jest-circus\build\legacy-code-todo-rewrite\jestAdapterInit.js:122:21)
        at jestAdapter (C:\Users\irem\Desktop\web-programlama-final-proje-backend\node_modules\jest-circus\build\legacy-code-todo-rewrite\jestAdapter.js:79:19)
        at runTestInternal (C:\Users\irem\Desktop\web-programlama-final-proje-backend\node_modules\jest-runner\build\runTest.js:367:16)
        at runTest (C:\Users\irem\Desktop\web-programlama-final-proje-backend\node_modules\jest-runner\build\runTest.js:444:34)

    [0m [90m 4 |[39m
     [90m 5 |[39m   [90m// Log error[39m
    [31m[1m>[22m[39m[90m 6 |[39m   console[33m.[39merror([32m'Error:'[39m[33m,[39m err)[33m;[39m
     [90m   |[39m           [31m[1m^[22m[39m
     [90m 7 |[39m
     [90m 8 |[39m   [90m// Sequelize validation error[39m
     [90m 9 |[39m   [36mif[39m (err[33m.[39mname [33m===[39m [32m'SequelizeValidationError'[39m) {[0m

      at error (src/middleware/errorHandler.js:6:11)
      at Layer.handle_error (node_modules/express/lib/router/layer.js:71:5)
      at trim_prefix (node_modules/express/lib/router/index.js:326:13)
      at node_modules/express/lib/router/index.js:286:9
      at Function.process_params (node_modules/express/lib/router/index.js:346:12)
      at next (node_modules/express/lib/router/index.js:280:10)
      at node_modules/express/lib/router/index.js:646:15
      at next (node_modules/express/lib/router/index.js:265:14)
      at node_modules/express/lib/router/index.js:646:15
      at next (node_modules/express/lib/router/index.js:265:14)
      at next (node_modules/express/lib/router/route.js:141:14)
      at next (src/routes/authRoutes.js:193:5)

node.exe : PASS src/tests/unit/authRoutes.test.js
At C:\Program Files\nodejs\npm.ps1:29 char:3
+   & $NODE_EXE $NPM_CLI_JS $args
+   ~~~~~~~~~~~~~~~~~~~~~~~~~~~~~
    + CategoryInfo          : NotSpecified: (PASS src/tests/unit/authRoutes.te 
   st.js:String) [], RemoteException
    + FullyQualifiedErrorId : NativeCommandError
 
  Auth Routes
    POST /api/auth/register
      ÔêÜ should register a new user successfully (123 ms)
      ÔêÜ should return 400 for invalid email (19 ms)
      ÔêÜ should handle registration errors (32 ms)
    GET /api/auth/verify-email
      ÔêÜ should verify email with valid token (16 ms)
      ÔêÜ should return 400 when token is missing (18 ms)
      ÔêÜ should handle verify email errors (21 ms)
    POST /api/auth/login
      ÔêÜ should login with valid credentials (20 ms)
      ÔêÜ should return 400 for invalid email (21 ms)
      ÔêÜ should return 400 for missing password (15 ms)
      ÔêÜ should handle login errors (17 ms)
    POST /api/auth/refresh-token
      ÔêÜ should refresh token successfully (19 ms)
      ÔêÜ should return 400 when refresh token is missing (18 ms)
      ÔêÜ should handle refresh token errors (21 ms)
    POST /api/auth/logout
      ÔêÜ should logout successfully (21 ms)
      ÔêÜ should handle logout errors (22 ms)
    POST /api/auth/forgot-password
      ÔêÜ should send password reset email (17 ms)
      ÔêÜ should return 400 for invalid email (17 ms)
      ÔêÜ should handle forgot password errors (20 ms)
    POST /api/auth/reset-password
      ÔêÜ should reset password successfully (17 ms)
      ÔêÜ should return 400 for missing token (21 ms)
      ÔêÜ should return 400 for short password (15 ms)
      ÔêÜ should handle reset password errors (20 ms)
    GET /api/auth/profile
      ÔêÜ should get user profile (17 ms)
      ÔêÜ should handle get profile errors (22 ms)
    PUT /api/auth/profile
      ÔêÜ should update profile successfully (20 ms)
      ÔêÜ should return 400 for empty firstName (20 ms)
      ÔêÜ should handle update profile errors (24 ms)
    POST /api/auth/profile/picture
      ÔêÜ should return 400 when no file is uploaded (20 ms)

  console.log
    Ô£à Test database connected

      at Object.log (src/tests/setup.js:26:13)

  console.log
    Ô£à Database schema ready

      at Object.log (src/tests/setup.js:32:15)

  console.error
    Email sending failed: Error: SMTP Error
        at Object.<anonymous> (C:\Users\irem\Desktop\web-programlama-final-proje-backend\src\tests\unit\authService.test.js:368:72)
        at Promise.then.completed (C:\Users\irem\Desktop\web-programlama-final-proje-backend\node_modules\jest-circus\build\utils.js:298:28)
        at new Promise (<anonymous>)
        at callAsyncCircusFn (C:\Users\irem\Desktop\web-programlama-final-proje-backend\node_modules\jest-circus\build\utils.js:231:10)
        at _callCircusTest (C:\Users\irem\Desktop\web-programlama-final-proje-backend\node_modules\jest-circus\build\run.js:316:40)
        at _runTest (C:\Users\irem\Desktop\web-programlama-final-proje-backend\node_modules\jest-circus\build\run.js:252:3)
        at _runTestsForDescribeBlock (C:\Users\irem\Desktop\web-programlama-final-proje-backend\node_modules\jest-circus\build\run.js:126:9)
        at _runTestsForDescribeBlock (C:\Users\irem\Desktop\web-programlama-final-proje-backend\node_modules\jest-circus\build\run.js:121:9)
        at _runTestsForDescribeBlock (C:\Users\irem\Desktop\web-programlama-final-proje-backend\node_modules\jest-circus\build\run.js:121:9)
        at run (C:\Users\irem\Desktop\web-programlama-final-proje-backend\node_modules\jest-circus\build\run.js:71:3)
        at runAndTransformResultsToJestFormat (C:\Users\irem\Desktop\web-programlama-final-proje-backend\node_modules\jest-circus\build\legacy-code-todo-rewrite\jestAdapterInit.js:122:21)
        at jestAdapter (C:\Users\irem\Desktop\web-programlama-final-proje-backend\node_modules\jest-circus\build\legacy-code-todo-rewrite\jestAdapter.js:79:19)
        at runTestInternal (C:\Users\irem\Desktop\web-programlama-final-proje-backend\node_modules\jest-runner\build\runTest.js:367:16)
        at runTest (C:\Users\irem\Desktop\web-programlama-final-proje-backend\node_modules\jest-runner\build\runTest.js:444:34)

    [0m [90m 138 |[39m       [36mawait[39m emailService[33m.[39msendVerificationEmail(user[33m.[39memail[33m,[39m emailVerificationToken)[33m;[39m
     [90m 139 |[39m     } [36mcatch[39m (error) {
    [31m[1m>[22m[39m[90m 140 |[39m       console[33m.[39merror([32m'Email sending failed:'[39m[33m,[39m error)[33m;[39m
     [90m     |[39m               [31m[1m^[22m[39m
     [90m 141 |[39m       [90m// Don't throw error, user is created anyway[39m
     [90m 142 |[39m     }
     [90m 143 |[39m[0m

      at AuthService.error [as register] (src/services/authService.js:140:15)
      at Object.<anonymous> (src/tests/unit/authService.test.js:370:20)

  console.error
    Email sending failed: Error: SMTP Error
        at Object.<anonymous> (C:\Users\irem\Desktop\web-programlama-final-proje-backend\src\tests\unit\authService.test.js:608:73)
        at Promise.then.completed (C:\Users\irem\Desktop\web-programlama-final-proje-backend\node_modules\jest-circus\build\utils.js:298:28)
        at new Promise (<anonymous>)
        at callAsyncCircusFn (C:\Users\irem\Desktop\web-programlama-final-proje-backend\node_modules\jest-circus\build\utils.js:231:10)
        at _callCircusTest (C:\Users\irem\Desktop\web-programlama-final-proje-backend\node_modules\jest-circus\build\run.js:316:40)
        at _runTest (C:\Users\irem\Desktop\web-programlama-final-proje-backend\node_modules\jest-circus\build\run.js:252:3)
        at _runTestsForDescribeBlock (C:\Users\irem\Desktop\web-programlama-final-proje-backend\node_modules\jest-circus\build\run.js:126:9)
        at _runTestsForDescribeBlock (C:\Users\irem\Desktop\web-programlama-final-proje-backend\node_modules\jest-circus\build\run.js:121:9)
        at _runTestsForDescribeBlock (C:\Users\irem\Desktop\web-programlama-final-proje-backend\node_modules\jest-circus\build\run.js:121:9)
        at run (C:\Users\irem\Desktop\web-programlama-final-proje-backend\node_modules\jest-circus\build\run.js:71:3)
        at runAndTransformResultsToJestFormat (C:\Users\irem\Desktop\web-programlama-final-proje-backend\node_modules\jest-circus\build\legacy-code-todo-rewrite\jestAdapterInit.js:122:21)
        at jestAdapter (C:\Users\irem\Desktop\web-programlama-final-proje-backend\node_modules\jest-circus\build\legacy-code-todo-rewrite\jestAdapter.js:79:19)
        at runTestInternal (C:\Users\irem\Desktop\web-programlama-final-proje-backend\node_modules\jest-runner\build\runTest.js:367:16)
        at runTest (C:\Users\irem\Desktop\web-programlama-final-proje-backend\node_modules\jest-runner\build\runTest.js:444:34)

    [0m [90m 253 |[39m       [36mawait[39m emailService[33m.[39msendPasswordResetEmail(user[33m.[39memail[33m,[39m resetToken)[33m;[39m
     [90m 254 |[39m     } [36mcatch[39m (error) {
    [31m[1m>[22m[39m[90m 255 |[39m       console[33m.[39merror([32m'Email sending failed:'[39m[33m,[39m error)[33m;[39m
     [90m     |[39m               [31m[1m^[22m[39m
     [90m 256 |[39m     }
     [90m 257 |[39m
     [90m 258 |[39m     [36mreturn[39m { message[33m:[39m [32m'If email exists, password reset link has been sent'[39m }[33m;[39m[0m

      at AuthService.error [as forgotPassword] (src/services/authService.js:255:15)
      at Object.<anonymous> (src/tests/unit/authService.test.js:610:22)

PASS src/tests/unit/authService.test.js
  AuthService
    generateToken
      ÔêÜ should generate a valid JWT token (5 ms)
    generateRefreshToken
      ÔêÜ should generate a valid refresh token (2 ms)
    generateStudentNumber
      ÔêÜ should generate unique student numbers (2 ms)
      ÔêÜ should increment counter when number exists (2 ms)
    generateEmployeeNumber
      ÔêÜ should generate unique employee numbers (1 ms)
      ÔêÜ should increment counter when number exists (1 ms)
    register
      ÔêÜ should register a new user successfully (1 ms)
      ÔêÜ should throw error if email exists (32 ms)
      ÔêÜ should create student profile when role is student (1 ms)
      ÔêÜ should use provided studentNumber when given (3 ms)
      ÔêÜ should use current year when enrollmentYear not provided (1 ms)
      ÔêÜ should create faculty profile when role is faculty (1 ms)
      ÔêÜ should use provided employeeNumber when given (2 ms)
      ÔêÜ should use default title when not provided for faculty (1 ms)
      ÔêÜ should delete user if profile creation fails with unique constraint f
or student (1 ms)
      ÔêÜ should delete user if profile creation fails with unique constraint f
or faculty (2 ms)
      ÔêÜ should delete user if profile creation fails with other error (2 ms)
      ÔêÜ should handle email sending failure gracefully (25 ms)
      ÔêÜ should throw error if department not found (2 ms)
      ÔêÜ should throw error if department is inactive (1 ms)
    verifyEmail
      ÔêÜ should verify email with valid token (4 ms)
      ÔêÜ should throw error for invalid token
      ÔêÜ should throw error for expired token (1 ms)
    login
      ÔêÜ should login with valid credentials (2 ms)
      ÔêÜ should include student and faculty profiles in login (2 ms)
      ÔêÜ should throw error for invalid credentials (1 ms)
      ÔêÜ should throw error for inactive user (1 ms)
      ÔêÜ should throw error for wrong password (1 ms)
    refreshToken
      ÔêÜ should refresh token with valid refresh token (2 ms)
      ÔêÜ should throw error for invalid refresh token (1 ms)
      ÔêÜ should throw error when refresh token does not match (1 ms)
      ÔêÜ should throw error when user not found (1 ms)
    logout
      ÔêÜ should logout user successfully (1 ms)
      ÔêÜ should handle logout when user not found (1 ms)
    forgotPassword
      ÔêÜ should generate reset token for existing user (1 ms)
      ÔêÜ should return same message for non-existent user (1 ms)
      ÔêÜ should handle email sending failure in forgotPassword (4 ms)
    resetPassword
      ÔêÜ should reset password with valid token (3 ms)
      ÔêÜ should throw error for invalid token (1 ms)
      ÔêÜ should throw error for expired token (1 ms)
    getProfile
      ÔêÜ should get user profile (1 ms)
      ÔêÜ should throw error when user not found (1 ms)
      ÔêÜ should include student and faculty profiles (1 ms)
    updateProfile
      ÔêÜ should update user profile (1 ms)
      ÔêÜ should throw error when user not found
      ÔêÜ should only update allowed fields (1 ms)
    updateProfilePicture
      ÔêÜ should update profile picture
      ÔêÜ should delete old picture when updating (1 ms)
      ÔêÜ should throw error when user not found (1 ms)

FAIL src/tests/unit/upload.test.js
  ÔùÅ Test suite failed to run

    Cannot find module 'C:\Users\irem\Desktop\web-programlama-final-proje-backe
nd\babel.config.cjs'
    Require stack:
    - C:\Users\irem\Desktop\web-programlama-final-proje-backend\node_modules\@b
abel\core\lib\config\files\module-types.js
    - C:\Users\irem\Desktop\web-programlama-final-proje-backend\node_modules\@b
abel\core\lib\config\files\configuration.js
    - C:\Users\irem\Desktop\web-programlama-final-proje-backend\node_modules\@b
abel\core\lib\config\files\index.js
    - C:\Users\irem\Desktop\web-programlama-final-proje-backend\node_modules\@b
abel\core\lib\index.js
    - C:\Users\irem\Desktop\web-programlama-final-proje-backend\node_modules\je
st-snapshot\build\InlineSnapshots.js
    - C:\Users\irem\Desktop\web-programlama-final-proje-backend\node_modules\je
st-snapshot\build\State.js
    - C:\Users\irem\Desktop\web-programlama-final-proje-backend\node_modules\je
st-snapshot\build\index.js
    - C:\Users\irem\Desktop\web-programlama-final-proje-backend\node_modules\je
st-runtime\build\index.js
    - C:\Users\irem\Desktop\web-programlama-final-proje-backend\node_modules\@j
est\core\build\cli\index.js
    - C:\Users\irem\Desktop\web-programlama-final-proje-backend\node_modules\@j
est\core\build\index.js
    - C:\Users\irem\Desktop\web-programlama-final-proje-backend\node_modules\je
st-cli\build\run.js
    - C:\Users\irem\Desktop\web-programlama-final-proje-backend\node_modules\je
st-cli\build\index.js
    - C:\Users\irem\Desktop\web-programlama-final-proje-backend\node_modules\je
st-cli\bin\jest.js
    - C:\Users\irem\Desktop\web-programlama-final-proje-backend\node_modules\je
st\bin\jest.js

      at loadPartialConfigSync (node_modules/@babel/core/src/config/index.ts:53
:60)
      at loadPartialConfigSync (node_modules/@babel/core/src/config/index.ts:72
:14)
      at ScriptTransformer._getCacheKey (node_modules/@jest/transform/build/Scr
iptTransformer.js:228:41)
      at ScriptTransformer._getFileCachePath (node_modules/@jest/transform/buil
d/ScriptTransformer.js:289:27)
      at ScriptTransformer.transformSource (node_modules/@jest/transform/build/
ScriptTransformer.js:525:32)
      at ScriptTransformer._transformAndBuildScript (node_modules/@jest/transfo
rm/build/ScriptTransformer.js:674:40)
      at ScriptTransformer.transform (node_modules/@jest/transform/build/Script
Transformer.js:726:19)

FAIL src/tests/unit/validateRequest.test.js
  ÔùÅ Test suite failed to run

    Cannot find module 'C:\Users\irem\Desktop\web-programlama-final-proje-backe
nd\babel.config.cjs'
    Require stack:
    - C:\Users\irem\Desktop\web-programlama-final-proje-backend\node_modules\@b
abel\core\lib\config\files\module-types.js
    - C:\Users\irem\Desktop\web-programlama-final-proje-backend\node_modules\@b
abel\core\lib\config\files\configuration.js
    - C:\Users\irem\Desktop\web-programlama-final-proje-backend\node_modules\@b
abel\core\lib\config\files\index.js
    - C:\Users\irem\Desktop\web-programlama-final-proje-backend\node_modules\@b
abel\core\lib\index.js
    - C:\Users\irem\Desktop\web-programlama-final-proje-backend\node_modules\je
st-snapshot\build\InlineSnapshots.js
    - C:\Users\irem\Desktop\web-programlama-final-proje-backend\node_modules\je
st-snapshot\build\State.js
    - C:\Users\irem\Desktop\web-programlama-final-proje-backend\node_modules\je
st-snapshot\build\index.js
    - C:\Users\irem\Desktop\web-programlama-final-proje-backend\node_modules\je
st-runtime\build\index.js
    - C:\Users\irem\Desktop\web-programlama-final-proje-backend\node_modules\@j
est\core\build\cli\index.js
    - C:\Users\irem\Desktop\web-programlama-final-proje-backend\node_modules\@j
est\core\build\index.js
    - C:\Users\irem\Desktop\web-programlama-final-proje-backend\node_modules\je
st-cli\build\run.js
    - C:\Users\irem\Desktop\web-programlama-final-proje-backend\node_modules\je
st-cli\build\index.js
    - C:\Users\irem\Desktop\web-programlama-final-proje-backend\node_modules\je
st-cli\bin\jest.js
    - C:\Users\irem\Desktop\web-programlama-final-proje-backend\node_modules\je
st\bin\jest.js

      at loadPartialConfigSync (node_modules/@babel/core/src/config/index.ts:53
:60)
      at loadPartialConfigSync (node_modules/@babel/core/src/config/index.ts:72
:14)
      at ScriptTransformer._getCacheKey (node_modules/@jest/transform/build/Scr
iptTransformer.js:228:41)
      at ScriptTransformer._getFileCachePath (node_modules/@jest/transform/buil
d/ScriptTransformer.js:289:27)
      at ScriptTransformer.transformSource (node_modules/@jest/transform/build/
ScriptTransformer.js:525:32)
      at ScriptTransformer._transformAndBuildScript (node_modules/@jest/transfo
rm/build/ScriptTransformer.js:674:40)
      at ScriptTransformer.transform (node_modules/@jest/transform/build/Script
Transformer.js:726:19)

FAIL src/tests/unit/server.test.js
  ÔùÅ Test suite failed to run

    Cannot find module 'C:\Users\irem\Desktop\web-programlama-final-proje-backe
nd\babel.config.cjs'
    Require stack:
    - C:\Users\irem\Desktop\web-programlama-final-proje-backend\node_modules\@b
abel\core\lib\config\files\module-types.js
    - C:\Users\irem\Desktop\web-programlama-final-proje-backend\node_modules\@b
abel\core\lib\config\files\configuration.js
    - C:\Users\irem\Desktop\web-programlama-final-proje-backend\node_modules\@b
abel\core\lib\config\files\index.js
    - C:\Users\irem\Desktop\web-programlama-final-proje-backend\node_modules\@b
abel\core\lib\index.js
    - C:\Users\irem\Desktop\web-programlama-final-proje-backend\node_modules\je
st-snapshot\build\InlineSnapshots.js
    - C:\Users\irem\Desktop\web-programlama-final-proje-backend\node_modules\je
st-snapshot\build\State.js
    - C:\Users\irem\Desktop\web-programlama-final-proje-backend\node_modules\je
st-snapshot\build\index.js
    - C:\Users\irem\Desktop\web-programlama-final-proje-backend\node_modules\je
st-runtime\build\index.js
    - C:\Users\irem\Desktop\web-programlama-final-proje-backend\node_modules\@j
est\core\build\cli\index.js
    - C:\Users\irem\Desktop\web-programlama-final-proje-backend\node_modules\@j
est\core\build\index.js
    - C:\Users\irem\Desktop\web-programlama-final-proje-backend\node_modules\je
st-cli\build\run.js
    - C:\Users\irem\Desktop\web-programlama-final-proje-backend\node_modules\je
st-cli\build\index.js
    - C:\Users\irem\Desktop\web-programlama-final-proje-backend\node_modules\je
st-cli\bin\jest.js
    - C:\Users\irem\Desktop\web-programlama-final-proje-backend\node_modules\je
st\bin\jest.js

      at loadPartialConfigSync (node_modules/@babel/core/src/config/index.ts:53
:60)
      at loadPartialConfigSync (node_modules/@babel/core/src/config/index.ts:72
:14)
      at ScriptTransformer._getCacheKey (node_modules/@jest/transform/build/Scr
iptTransformer.js:228:41)
      at ScriptTransformer._getFileCachePath (node_modules/@jest/transform/buil
d/ScriptTransformer.js:289:27)
      at ScriptTransformer.transformSource (node_modules/@jest/transform/build/
ScriptTransformer.js:525:32)
      at ScriptTransformer._transformAndBuildScript (node_modules/@jest/transfo
rm/build/ScriptTransformer.js:674:40)
      at ScriptTransformer.transform (node_modules/@jest/transform/build/Script
Transformer.js:726:19)

FAIL src/tests/unit/routes.index.test.js
  ÔùÅ Test suite failed to run

    Cannot find module 'C:\Users\irem\Desktop\web-programlama-final-proje-backe
nd\babel.config.cjs'
    Require stack:
    - C:\Users\irem\Desktop\web-programlama-final-proje-backend\node_modules\@b
abel\core\lib\config\files\module-types.js
    - C:\Users\irem\Desktop\web-programlama-final-proje-backend\node_modules\@b
abel\core\lib\config\files\configuration.js
    - C:\Users\irem\Desktop\web-programlama-final-proje-backend\node_modules\@b
abel\core\lib\config\files\index.js
    - C:\Users\irem\Desktop\web-programlama-final-proje-backend\node_modules\@b
abel\core\lib\index.js
    - C:\Users\irem\Desktop\web-programlama-final-proje-backend\node_modules\je
st-snapshot\build\InlineSnapshots.js
    - C:\Users\irem\Desktop\web-programlama-final-proje-backend\node_modules\je
st-snapshot\build\State.js
    - C:\Users\irem\Desktop\web-programlama-final-proje-backend\node_modules\je
st-snapshot\build\index.js
    - C:\Users\irem\Desktop\web-programlama-final-proje-backend\node_modules\je
st-runtime\build\index.js
    - C:\Users\irem\Desktop\web-programlama-final-proje-backend\node_modules\@j
est\core\build\cli\index.js
    - C:\Users\irem\Desktop\web-programlama-final-proje-backend\node_modules\@j
est\core\build\index.js
    - C:\Users\irem\Desktop\web-programlama-final-proje-backend\node_modules\je
st-cli\build\run.js
    - C:\Users\irem\Desktop\web-programlama-final-proje-backend\node_modules\je
st-cli\build\index.js
    - C:\Users\irem\Desktop\web-programlama-final-proje-backend\node_modules\je
st-cli\bin\jest.js
    - C:\Users\irem\Desktop\web-programlama-final-proje-backend\node_modules\je
st\bin\jest.js

      at loadPartialConfigSync (node_modules/@babel/core/src/config/index.ts:53
:60)
      at loadPartialConfigSync (node_modules/@babel/core/src/config/index.ts:72
:14)
      at ScriptTransformer._getCacheKey (node_modules/@jest/transform/build/Scr
iptTransformer.js:228:41)
      at ScriptTransformer._getFileCachePath (node_modules/@jest/transform/buil
d/ScriptTransformer.js:289:27)
      at ScriptTransformer.transformSource (node_modules/@jest/transform/build/
ScriptTransformer.js:525:32)
      at ScriptTransformer._transformAndBuildScript (node_modules/@jest/transfo
rm/build/ScriptTransformer.js:674:40)
      at ScriptTransformer.transform (node_modules/@jest/transform/build/Script
Transformer.js:726:19)

FAIL src/tests/unit/models.test.js
  ÔùÅ Test suite failed to run

    Cannot find module 'C:\Users\irem\Desktop\web-programlama-final-proje-backe
nd\babel.config.cjs'
    Require stack:
    - C:\Users\irem\Desktop\web-programlama-final-proje-backend\node_modules\@b
abel\core\lib\config\files\module-types.js
    - C:\Users\irem\Desktop\web-programlama-final-proje-backend\node_modules\@b
abel\core\lib\config\files\configuration.js
    - C:\Users\irem\Desktop\web-programlama-final-proje-backend\node_modules\@b
abel\core\lib\config\files\index.js
    - C:\Users\irem\Desktop\web-programlama-final-proje-backend\node_modules\@b
abel\core\lib\index.js
    - C:\Users\irem\Desktop\web-programlama-final-proje-backend\node_modules\je
st-snapshot\build\InlineSnapshots.js
    - C:\Users\irem\Desktop\web-programlama-final-proje-backend\node_modules\je
st-snapshot\build\State.js
    - C:\Users\irem\Desktop\web-programlama-final-proje-backend\node_modules\je
st-snapshot\build\index.js
    - C:\Users\irem\Desktop\web-programlama-final-proje-backend\node_modules\je
st-runtime\build\index.js
    - C:\Users\irem\Desktop\web-programlama-final-proje-backend\node_modules\@j
est\core\build\cli\index.js
    - C:\Users\irem\Desktop\web-programlama-final-proje-backend\node_modules\@j
est\core\build\index.js
    - C:\Users\irem\Desktop\web-programlama-final-proje-backend\node_modules\je
st-cli\build\run.js
    - C:\Users\irem\Desktop\web-programlama-final-proje-backend\node_modules\je
st-cli\build\index.js
    - C:\Users\irem\Desktop\web-programlama-final-proje-backend\node_modules\je
st-cli\bin\jest.js
    - C:\Users\irem\Desktop\web-programlama-final-proje-backend\node_modules\je
st\bin\jest.js

      at loadPartialConfigSync (node_modules/@babel/core/src/config/index.ts:53
:60)
      at loadPartialConfigSync (node_modules/@babel/core/src/config/index.ts:72
:14)
      at ScriptTransformer._getCacheKey (node_modules/@jest/transform/build/Scr
iptTransformer.js:228:41)
      at ScriptTransformer._getFileCachePath (node_modules/@jest/transform/buil
d/ScriptTransformer.js:289:27)
      at ScriptTransformer.transformSource (node_modules/@jest/transform/build/
ScriptTransformer.js:525:32)
      at ScriptTransformer._transformAndBuildScript (node_modules/@jest/transfo
rm/build/ScriptTransformer.js:674:40)
      at ScriptTransformer.transform (node_modules/@jest/transform/build/Script
Transformer.js:726:19)

FAIL src/tests/unit/middleware.test.js
  ÔùÅ Test suite failed to run

    Cannot find module 'C:\Users\irem\Desktop\web-programlama-final-proje-backe
nd\babel.config.cjs'
    Require stack:
    - C:\Users\irem\Desktop\web-programlama-final-proje-backend\node_modules\@b
abel\core\lib\config\files\module-types.js
    - C:\Users\irem\Desktop\web-programlama-final-proje-backend\node_modules\@b
abel\core\lib\config\files\configuration.js
    - C:\Users\irem\Desktop\web-programlama-final-proje-backend\node_modules\@b
abel\core\lib\config\files\index.js
    - C:\Users\irem\Desktop\web-programlama-final-proje-backend\node_modules\@b
abel\core\lib\index.js
    - C:\Users\irem\Desktop\web-programlama-final-proje-backend\node_modules\je
st-snapshot\build\InlineSnapshots.js
    - C:\Users\irem\Desktop\web-programlama-final-proje-backend\node_modules\je
st-snapshot\build\State.js
    - C:\Users\irem\Desktop\web-programlama-final-proje-backend\node_modules\je
st-snapshot\build\index.js
    - C:\Users\irem\Desktop\web-programlama-final-proje-backend\node_modules\je
st-runtime\build\index.js
    - C:\Users\irem\Desktop\web-programlama-final-proje-backend\node_modules\@j
est\core\build\cli\index.js
    - C:\Users\irem\Desktop\web-programlama-final-proje-backend\node_modules\@j
est\core\build\index.js
    - C:\Users\irem\Desktop\web-programlama-final-proje-backend\node_modules\je
st-cli\build\run.js
    - C:\Users\irem\Desktop\web-programlama-final-proje-backend\node_modules\je
st-cli\build\index.js
    - C:\Users\irem\Desktop\web-programlama-final-proje-backend\node_modules\je
st-cli\bin\jest.js
    - C:\Users\irem\Desktop\web-programlama-final-proje-backend\node_modules\je
st\bin\jest.js

      at loadPartialConfigSync (node_modules/@babel/core/src/config/index.ts:53
:60)
      at loadPartialConfigSync (node_modules/@babel/core/src/config/index.ts:72
:14)
      at ScriptTransformer._getCacheKey (node_modules/@jest/transform/build/Scr
iptTransformer.js:228:41)
      at ScriptTransformer._getFileCachePath (node_modules/@jest/transform/buil
d/ScriptTransformer.js:289:27)
      at ScriptTransformer.transformSource (node_modules/@jest/transform/build/
ScriptTransformer.js:525:32)
      at ScriptTransformer._transformAndBuildScript (node_modules/@jest/transfo
rm/build/ScriptTransformer.js:674:40)
      at ScriptTransformer.transform (node_modules/@jest/transform/build/Script
Transformer.js:726:19)

FAIL src/tests/unit/departmentRoutes.test.js
  ÔùÅ Test suite failed to run

    Cannot find module 'C:\Users\irem\Desktop\web-programlama-final-proje-backe
nd\babel.config.cjs'
    Require stack:
    - C:\Users\irem\Desktop\web-programlama-final-proje-backend\node_modules\@b
abel\core\lib\config\files\module-types.js
    - C:\Users\irem\Desktop\web-programlama-final-proje-backend\node_modules\@b
abel\core\lib\config\files\configuration.js
    - C:\Users\irem\Desktop\web-programlama-final-proje-backend\node_modules\@b
abel\core\lib\config\files\index.js
    - C:\Users\irem\Desktop\web-programlama-final-proje-backend\node_modules\@b
abel\core\lib\index.js
    - C:\Users\irem\Desktop\web-programlama-final-proje-backend\node_modules\je
st-snapshot\build\InlineSnapshots.js
    - C:\Users\irem\Desktop\web-programlama-final-proje-backend\node_modules\je
st-snapshot\build\State.js
    - C:\Users\irem\Desktop\web-programlama-final-proje-backend\node_modules\je
st-snapshot\build\index.js
    - C:\Users\irem\Desktop\web-programlama-final-proje-backend\node_modules\je
st-runtime\build\index.js
    - C:\Users\irem\Desktop\web-programlama-final-proje-backend\node_modules\@j
est\core\build\cli\index.js
    - C:\Users\irem\Desktop\web-programlama-final-proje-backend\node_modules\@j
est\core\build\index.js
    - C:\Users\irem\Desktop\web-programlama-final-proje-backend\node_modules\je
st-cli\build\run.js
    - C:\Users\irem\Desktop\web-programlama-final-proje-backend\node_modules\je
st-cli\build\index.js
    - C:\Users\irem\Desktop\web-programlama-final-proje-backend\node_modules\je
st-cli\bin\jest.js
    - C:\Users\irem\Desktop\web-programlama-final-proje-backend\node_modules\je
st\bin\jest.js

      at loadPartialConfigSync (node_modules/@babel/core/src/config/index.ts:53
:60)
      at loadPartialConfigSync (node_modules/@babel/core/src/config/index.ts:72
:14)
      at ScriptTransformer._getCacheKey (node_modules/@jest/transform/build/Scr
iptTransformer.js:228:41)
      at ScriptTransformer._getFileCachePath (node_modules/@jest/transform/buil
d/ScriptTransformer.js:289:27)
      at ScriptTransformer.transformSource (node_modules/@jest/transform/build/
ScriptTransformer.js:525:32)
      at ScriptTransformer._transformAndBuildScript (node_modules/@jest/transfo
rm/build/ScriptTransformer.js:674:40)
      at ScriptTransformer.transform (node_modules/@jest/transform/build/Script
Transformer.js:726:19)

FAIL src/tests/unit/emailService.test.js
  ÔùÅ Test suite failed to run

    Cannot find module 'C:\Users\irem\Desktop\web-programlama-final-proje-backe
nd\babel.config.cjs'
    Require stack:
    - C:\Users\irem\Desktop\web-programlama-final-proje-backend\node_modules\@b
abel\core\lib\config\files\module-types.js
    - C:\Users\irem\Desktop\web-programlama-final-proje-backend\node_modules\@b
abel\core\lib\config\files\configuration.js
    - C:\Users\irem\Desktop\web-programlama-final-proje-backend\node_modules\@b
abel\core\lib\config\files\index.js
    - C:\Users\irem\Desktop\web-programlama-final-proje-backend\node_modules\@b
abel\core\lib\index.js
    - C:\Users\irem\Desktop\web-programlama-final-proje-backend\node_modules\je
st-snapshot\build\InlineSnapshots.js
    - C:\Users\irem\Desktop\web-programlama-final-proje-backend\node_modules\je
st-snapshot\build\State.js
    - C:\Users\irem\Desktop\web-programlama-final-proje-backend\node_modules\je
st-snapshot\build\index.js
    - C:\Users\irem\Desktop\web-programlama-final-proje-backend\node_modules\je
st-runtime\build\index.js
    - C:\Users\irem\Desktop\web-programlama-final-proje-backend\node_modules\@j
est\core\build\cli\index.js
    - C:\Users\irem\Desktop\web-programlama-final-proje-backend\node_modules\@j
est\core\build\index.js
    - C:\Users\irem\Desktop\web-programlama-final-proje-backend\node_modules\je
st-cli\build\run.js
    - C:\Users\irem\Desktop\web-programlama-final-proje-backend\node_modules\je
st-cli\build\index.js
    - C:\Users\irem\Desktop\web-programlama-final-proje-backend\node_modules\je
st-cli\bin\jest.js
    - C:\Users\irem\Desktop\web-programlama-final-proje-backend\node_modules\je
st\bin\jest.js

      at loadPartialConfigSync (node_modules/@babel/core/src/config/index.ts:53
:60)
      at loadPartialConfigSync (node_modules/@babel/core/src/config/index.ts:72
:14)
      at ScriptTransformer._getCacheKey (node_modules/@jest/transform/build/Scr
iptTransformer.js:228:41)
      at ScriptTransformer._getFileCachePath (node_modules/@jest/transform/buil
d/ScriptTransformer.js:289:27)
      at ScriptTransformer.transformSource (node_modules/@jest/transform/build/
ScriptTransformer.js:525:32)
      at ScriptTransformer._transformAndBuildScript (node_modules/@jest/transfo
rm/build/ScriptTransformer.js:674:40)
      at ScriptTransformer.transform (node_modules/@jest/transform/build/Script
Transformer.js:726:19)

----------------------|---------|----------|---------|---------|-------------------------------
File                  | % Stmts | % Branch | % Funcs | % Lines | Uncovered Line #s             
----------------------|---------|----------|---------|---------|-------------------------------
All files             |    82.1 |    89.51 |   69.44 |    82.1 |                               
 middleware           |   35.35 |    28.57 |   28.57 |   35.35 |                               
  auth.js             |       0 |        0 |       0 |       0 | 1-48                          
  errorHandler.js     |   40.27 |     12.5 |     100 |   40.27 | 10-15,19-37,41-46,50-55,58-63 
  roleGuard.js        |       0 |        0 |       0 |       0 | 1-21                          
  upload.js           |   62.79 |        0 |       0 |   62.79 | 8-9,14,17-19,24-33            
  validateRequest.js  |     100 |      100 |     100 |     100 |                               
 models               |   95.18 |      100 |   66.66 |   95.18 |                               
  Department.js       |     100 |      100 |     100 |     100 |                               
  Faculty.js          |     100 |      100 |     100 |     100 |                               
  Student.js          |     100 |      100 |     100 |     100 |                               
  User.js             |   88.52 |      100 |   33.33 |   88.52 | 85-87,90-93,109,113-118       
 routes               |   88.75 |    95.83 |     100 |   88.75 |                               
  authRoutes.js       |   94.59 |    95.83 |     100 |   94.59 | 208-219                       
  departmentRoutes.js |   34.61 |      100 |     100 |   34.61 | 7-23                          
  index.js            |     100 |      100 |     100 |     100 |                               
 services             |    91.6 |    97.43 |   88.23 |    91.6 |                               
  authService.js      |     100 |     97.4 |     100 |     100 | 11,18                         
  emailService.js     |   38.88 |      100 |   33.33 |   38.88 | 17-32,35-51                   
----------------------|---------|----------|---------|---------|-------------------------------

=============================== Coverage summary ===============================
Statements   : 82.1% ( 936/1140 )
Branches     : 89.51% ( 111/124 )
Functions    : 69.44% ( 25/36 )
Lines        : 82.1% ( 936/1140 )
================================================================================
Jest: "global" coverage threshold for statements (99%) not met: 82.1%
Jest: "global" coverage threshold for branches (99%) not met: 89.51%
Jest: "global" coverage threshold for lines (99%) not met: 82.1%
Jest: "global" coverage threshold for functions (99%) not met: 69.44%
Test Suites: 8 failed, 2 passed, 10 total
Tests:       77 passed, 77 total
Snapshots:   0 total
Time:        9.472 s
Ran all test suites.
